cargo :    Compiling backend v0.1.0 (C:\Users\mypc\Desktop\saas_house\backend)
At line:1 char:1
+ cargo test --bin backend > test_output.txt 2>&1 --no-run
+ ~~~~~~~~~~~~~~~~~~~~~~~~~~~~~~~~~~~~~~~~~~~~~~~~~~~~~~~~
    + CategoryInfo          : NotSpecified: (   Compiling ba..._house\backend):String) [], RemoteException
    + FullyQualifiedErrorId : NativeCommandError
 
error: error returned from database: relation "processed_webhooks" does not exist
  --> src\handlers\webhooks.rs:45:29
   |
45 |       let already_processed = sqlx::query!(
   |  _____________________________^
46 | |         "SELECT event_id FROM processed_webhooks WHERE event_id = $1",
47 | |         event_id
48 | |     )
   | |_____^
   |
   = note: this error originates in the macro `$crate::sqlx_macros::expand_query` which comes from the expansion of 
the macro `sqlx::query` (in Nightly builds, run with -Z macro-backtrace for more info)

error: error returned from database: relation "processed_webhooks" does not exist
  --> src\handlers\webhooks.rs:82:17
   |
82 | /                 sqlx::query!(
83 | |                     "INSERT INTO processed_webhooks (event_id, event_type) VALUES ($1, $2)",
84 | |                     event_id, event_type
85 | |                 ).execute(&mut *tx).await.map_err(|e| ApiError::Internal(e.to_string()))?;
   | |_________________^
   |
   = note: this error originates in the macro `$crate::sqlx_macros::expand_query` which comes from the expansion of 
the macro `sqlx::query` (in Nightly builds, run with -Z macro-backtrace for more info)

error: error returned from database: relation "processed_webhooks" does not exist
   --> src\handlers\webhooks.rs:112:25
    |
112 | /                         sqlx::query!(
113 | |                             "INSERT INTO processed_webhooks (event_id, event_type) VALUES ($1, $2)",
114 | |                             event_id, event_type
115 | |                         ).execute(&mut *tx).await.map_err(|e| ApiError::Internal(e.to_string()))?;
    | |_________________________^
    |
    = note: this error originates in the macro `$crate::sqlx_macros::expand_query` which comes from the expansion of 
the macro `sqlx::query` (in Nightly builds, run with -Z macro-backtrace for more info)

error: error returned from database: relation "processed_webhooks" does not exist
   --> src\handlers\webhooks.rs:138:17
    |
138 | /                 sqlx::query!(
139 | |                     "INSERT INTO processed_webhooks (event_id, event_type) VALUES ($1, $2)",
140 | |                     event_id, event_type
141 | |                 ).execute(&mut *tx).await.map_err(|e| ApiError::Internal(e.to_string()))?;
    | |_________________^
    |
    = note: this error originates in the macro `$crate::sqlx_macros::expand_query` which comes from the expansion of 
the macro `sqlx::query` (in Nightly builds, run with -Z macro-backtrace for more info)

error: error returned from database: relation "processed_webhooks" does not exist
   --> src\handlers\webhooks.rs:170:13
    |
170 | /             sqlx::query!(
171 | |                 "INSERT INTO processed_webhooks (event_id, event_type) VALUES ($1, $2)",
172 | |                 event_id, event_type
173 | |             ).execute(&mut *tx).await.map_err(|e| ApiError::Internal(e.to_string()))?;
    | |_____________^
    |
    = note: this error originates in the macro `$crate::sqlx_macros::expand_query` which comes from the expansion of 
the macro `sqlx::query` (in Nightly builds, run with -Z macro-backtrace for more info)

error: error returned from database: relation "processed_webhooks" does not exist
   --> src\handlers\webhooks.rs:197:13
    |
197 | /             sqlx::query!(
198 | |                 "INSERT INTO processed_webhooks (event_id, event_type) VALUES ($1, $2)",
199 | |                 event_id, event_type
200 | |             ).execute(&mut *tx).await.map_err(|e| ApiError::Internal(e.to_string()))?;
    | |_____________^
    |
    = note: this error originates in the macro `$crate::sqlx_macros::expand_query` which comes from the expansion of 
the macro `sqlx::query` (in Nightly builds, run with -Z macro-backtrace for more info)

error: error returned from database: relation "processed_webhooks" does not exist
   --> src\handlers\webhooks.rs:207:13
    |
207 | /             sqlx::query!(
208 | |                 "INSERT INTO processed_webhooks (event_id, event_type) VALUES ($1, $2)",
209 | |                 event_id, event_type
210 | |             ).execute(pool).await.map_err(|e| ApiError::Internal(e.to_string()))?;
    | |_____________^
    |
    = note: this error originates in the macro `$crate::sqlx_macros::expand_query` which comes from the expansion of 
the macro `sqlx::query` (in Nightly builds, run with -Z macro-backtrace for more info)

error: error returned from database: relation "processed_webhooks" does not exist
  --> src\handlers\webhooks_tests.rs:75:21
   |
75 |         let count = sqlx::query!("SELECT COUNT(*) as count FROM processed_webhooks WHERE event_id = $1", event_id)
   |                     ^^^^^^^^^^^^^^^^^^^^^^^^^^^^^^^^^^^^^^^^^^^^^^^^^^^^^^^^^^^^^^^^^^^^^^^^^^^^^^^^^^^^^^^^^^^^^^
   |
   = note: this error originates in the macro `$crate::sqlx_macros::expand_query` which comes from the expansion of 
the macro `sqlx::query` (in Nightly builds, run with -Z macro-backtrace for more info)

error[E0425]: cannot find value `billing` in this scope
   --> src\handlers\admin_tests.rs:100:20
    |
100 |         assert_eq!(billing.amount, 260.0, "Billing record must match plan price exactly");
    |                    ^^^^^^^ not found in this scope

warning: variant `IN_PROGRESS` should have an upper camel case name
  --> src\models\requests.rs:19:5
   |
19 |     IN_PROGRESS,
   |     ^^^^^^^^^^^ help: convert the identifier to upper camel case: `InProgress`
   |
   = note: `#[warn(non_camel_case_types)]` (part of `#[warn(nonstandard_style)]`) on by default

warning: unused import: `PasswordHash`
 --> src\handlers\auth\registration.rs:5:39
  |
5 |     password_hash::{rand_core::OsRng, PasswordHash, PasswordHasher, SaltString},
  |                                       ^^^^^^^^^^^^
  |
  = note: `#[warn(unused_imports)]` (part of `#[warn(unused)]`) on by default

warning: unused import: `Json`
 --> src\handlers\auth\google.rs:4:5
  |
4 |     Json,
  |     ^^^^

warning: unused imports: `Postgres` and `Transaction`
 --> src\handlers\auth\google.rs:7:12
  |
7 | use sqlx::{Postgres, Transaction};
  |            ^^^^^^^^  ^^^^^^^^^^^

warning: unused import: `auth::AuthResponse`
  --> src\handlers\auth\google.rs:11:21
   |
11 | use crate::models::{auth::AuthResponse, user::{User, UserRole}};
   |                     ^^^^^^^^^^^^^^^^^^

warning: unused import: `axum::Json`
 --> src\handlers\auth\registration_tests.rs:3:9
  |
3 |     use axum::Json;
  |         ^^^^^^^^^^

warning: unused import: `sqlx::PgPool`
 --> src\handlers\project.rs:2:5
  |
2 | use sqlx::PgPool;
  |     ^^^^^^^^^^^^

warning: unused imports: `Redirect` and `Response`
 --> src\handlers\billing.rs:3:30
  |
3 |     response::{IntoResponse, Redirect, Response},
  |                              ^^^^^^^^  ^^^^^^^^

warning: unused import: `sqlx::PgPool`
 --> src\handlers\billing.rs:7:5
  |
7 | use sqlx::PgPool;
  |     ^^^^^^^^^^^^

warning: unused import: `user::UserRole`
  --> src\handlers\billing.rs:13:84
   |
13 | use crate::models::{billing::{Subscription, AutoRenewRequest}, auth::AuthResponse, user::UserRole};
   |                                                                                    ^^^^^^^^^^^^^^

warning: unused imports: `CookieJar` and `Cookie`
  --> src\handlers\billing.rs:16:35
   |
16 | use axum_extra::extract::cookie::{Cookie, CookieJar};
   |                                   ^^^^^^  ^^^^^^^^^

warning: unused import: `PasswordHash`
 --> src\handlers\admin.rs:7:39
  |
7 |     password_hash::{rand_core::OsRng, PasswordHash, PasswordHasher, SaltString},
  |                                       ^^^^^^^^^^^^

warning: unused imports: `Json` and `StatusCode`
 --> src\handlers\webhooks.rs:4:23
  |
4 |     http::{HeaderMap, StatusCode},
  |                       ^^^^^^^^^^
5 |     response::{IntoResponse},
6 |     Json,
  |     ^^^^

warning: unused imports: `PgPool`, `Postgres`, and `Transaction`
 --> src\handlers\request_handler.rs:6:12
  |
6 | use sqlx::{PgPool, Postgres, Transaction};
  |            ^^^^^^  ^^^^^^^^  ^^^^^^^^^^^

warning: unused import: `user::UserRole`
 --> src\handlers\request_handler.rs:8:106
  |
8 | use crate::models::{requests::{Request, RequestType, RequestStatus, CreateRequest, UpdateStatusRequest}, 
user::UserRole};
  |                                                                                                          
^^^^^^^^^^^^^^

warning: unused import: `Project`
 --> src\handlers\ownership_tests.rs:6:34
  |
6 |     use crate::models::project::{Project, RequirementsPayload};
  |                                  ^^^^^^^

warning: unused import: `Json`
 --> src\handlers\admin_tests.rs:3:40
  |
3 |     use axum::{extract::{State, Path}, Json};
  |                                        ^^^^

warning: unused import: `crate::utils::error::ApiError`
 --> src\handlers\admin_tests.rs:7:9
  |
7 |     use crate::utils::error::ApiError;
  |         ^^^^^^^^^^^^^^^^^^^^^^^^^^^^^

warning: unused import: `Json`
 --> src\handlers\billing_tests.rs:3:41
  |
3 |     use axum::{extract::{State, Query}, Json, Extension};
  |                                         ^^^^

warning: unused imports: `Router` and `routing::get`
 --> src\main.rs:6:12
  |
6 | use axum::{routing::get, Router};
  |            ^^^^^^^^^^^^  ^^^^^^

error[E0282]: type annotations needed
  --> src\handlers\webhooks.rs:45:29
   |
45 |       let already_processed = sqlx::query!(
   |  _____________________________^
46 | |         "SELECT event_id FROM processed_webhooks WHERE event_id = $1",
47 | |         event_id
...  |
50 | |     .await
   | |__________^ cannot infer type

error[E0282]: type annotations needed
  --> src\handlers\webhooks.rs:51:15
   |
51 |     .map_err(|e| ApiError::Internal(e.to_string()))?;
   |               ^                     - type must be known at this point
   |
help: consider giving this closure parameter an explicit type
   |
51 |     .map_err(|e: /* Type */| ApiError::Internal(e.to_string()))?;
   |                ++++++++++++

error[E0282]: type annotations needed
  --> src\handlers\webhooks.rs:82:17
   |
82 | /                 sqlx::query!(
83 | |                     "INSERT INTO processed_webhooks (event_id, event_type) VALUES ($1, $2)",
84 | |                     event_id, event_type
85 | |                 ).execute(&mut *tx).await.map_err(|e| ApiError::Internal(e.to_string()))?;
   | |_________________________________________^ cannot infer type

error[E0282]: type annotations needed
  --> src\handlers\webhooks.rs:85:52
   |
85 |                 ).execute(&mut *tx).await.map_err(|e| ApiError::Internal(e.to_string()))?;
   |                                                    ^                     - type must be known at this point
   |
help: consider giving this closure parameter an explicit type
   |
85 |                 ).execute(&mut *tx).await.map_err(|e: /* Type */| ApiError::Internal(e.to_string()))?;
   |                                                     ++++++++++++

error[E0282]: type annotations needed
   --> src\handlers\webhooks.rs:112:25
    |
112 | /                         sqlx::query!(
113 | |                             "INSERT INTO processed_webhooks (event_id, event_type) VALUES ($1, $2)",
114 | |                             event_id, event_type
115 | |                         ).execute(&mut *tx).await.map_err(|e| ApiError::Internal(e.to_string()))?;
    | |_________________________________________________^ cannot infer type

error[E0282]: type annotations needed
   --> src\handlers\webhooks.rs:115:60
    |
115 |                         ).execute(&mut *tx).await.map_err(|e| ApiError::Internal(e.to_string()))?;
    |                                                            ^                     - type must be known at this 
point
    |
help: consider giving this closure parameter an explicit type
    |
115 |                         ).execute(&mut *tx).await.map_err(|e: /* Type */| ApiError::Internal(e.to_string()))?;
    |                                                             ++++++++++++

error[E0282]: type annotations needed
   --> src\handlers\webhooks.rs:138:17
    |
138 | /                 sqlx::query!(
139 | |                     "INSERT INTO processed_webhooks (event_id, event_type) VALUES ($1, $2)",
140 | |                     event_id, event_type
141 | |                 ).execute(&mut *tx).await.map_err(|e| ApiError::Internal(e.to_string()))?;
    | |_________________________________________^ cannot infer type

error[E0282]: type annotations needed
   --> src\handlers\webhooks.rs:141:52
    |
141 |                 ).execute(&mut *tx).await.map_err(|e| ApiError::Internal(e.to_string()))?;
    |                                                    ^                     - type must be known at this point
    |
help: consider giving this closure parameter an explicit type
    |
141 |                 ).execute(&mut *tx).await.map_err(|e: /* Type */| ApiError::Internal(e.to_string()))?;
    |                                                     ++++++++++++

error[E0282]: type annotations needed
   --> src\handlers\webhooks.rs:170:13
    |
170 | /             sqlx::query!(
171 | |                 "INSERT INTO processed_webhooks (event_id, event_type) VALUES ($1, $2)",
172 | |                 event_id, event_type
173 | |             ).execute(&mut *tx).await.map_err(|e| ApiError::Internal(e.to_string()))?;
    | |_____________________________________^ cannot infer type

error[E0282]: type annotations needed
   --> src\handlers\webhooks.rs:173:48
    |
173 |             ).execute(&mut *tx).await.map_err(|e| ApiError::Internal(e.to_string()))?;
    |                                                ^                     - type must be known at this point
    |
help: consider giving this closure parameter an explicit type
    |
173 |             ).execute(&mut *tx).await.map_err(|e: /* Type */| ApiError::Internal(e.to_string()))?;
    |                                                 ++++++++++++

error[E0282]: type annotations needed
   --> src\handlers\webhooks.rs:197:13
    |
197 | /             sqlx::query!(
198 | |                 "INSERT INTO processed_webhooks (event_id, event_type) VALUES ($1, $2)",
199 | |                 event_id, event_type
200 | |             ).execute(&mut *tx).await.map_err(|e| ApiError::Internal(e.to_string()))?;
    | |_____________________________________^ cannot infer type

error[E0282]: type annotations needed
   --> src\handlers\webhooks.rs:200:48
    |
200 |             ).execute(&mut *tx).await.map_err(|e| ApiError::Internal(e.to_string()))?;
    |                                                ^                     - type must be known at this point
    |
help: consider giving this closure parameter an explicit type
    |
200 |             ).execute(&mut *tx).await.map_err(|e: /* Type */| ApiError::Internal(e.to_string()))?;
    |                                                 ++++++++++++

error[E0282]: type annotations needed
   --> src\handlers\webhooks.rs:207:13
    |
207 | /             sqlx::query!(
208 | |                 "INSERT INTO processed_webhooks (event_id, event_type) VALUES ($1, $2)",
209 | |                 event_id, event_type
210 | |             ).execute(pool).await.map_err(|e| ApiError::Internal(e.to_string()))?;
    | |_________________________________^ cannot infer type

error[E0282]: type annotations needed
   --> src\handlers\webhooks.rs:210:44
    |
210 |             ).execute(pool).await.map_err(|e| ApiError::Internal(e.to_string()))?;
    |                                            ^                     - type must be known at this point
    |
help: consider giving this closure parameter an explicit type
    |
210 |             ).execute(pool).await.map_err(|e: /* Type */| ApiError::Internal(e.to_string()))?;
    |                                             ++++++++++++

error[E0599]: no variant or associated item named `PAYMENT_PENDING` found for enum `ProjectStatus` in the current scope
  --> src\handlers\admin_tests.rs:91:50
   |
91 |         assert_eq!(actual_status, ProjectStatus::PAYMENT_PENDING);
   |                                                  ^^^^^^^^^^^^^^^ variant or associated item not found in 
`ProjectStatus`
   |
  ::: src\models\project.rs:9:1
   |
 9 | pub enum ProjectStatus {
   | ---------------------- variant or associated item `PAYMENT_PENDING` not found for this enum

error[E0599]: no variant or associated item named `PAID` found for enum `ProjectStatus` in the current scope
  --> src\handlers\webhooks_tests.rs:67:51
   |
67 |         assert_eq!(project.status, ProjectStatus::PAID);
   |                                                   ^^^^ variant or associated item not found in `ProjectStatus`
   |
  ::: src\models\project.rs:9:1
   |
 9 | pub enum ProjectStatus {
   | ---------------------- variant or associated item `PAID` not found for this enum
   |
help: there is a variant with a similar name
   |
67 -         assert_eq!(project.status, ProjectStatus::PAID);
67 +         assert_eq!(project.status, ProjectStatus::Paid);
   |

error[E0282]: type annotations needed
  --> src\handlers\webhooks_tests.rs:75:21
   |
75 |           let count = sqlx::query!("SELECT COUNT(*) as count FROM processed_webhooks WHERE event_id = $1", 
event_id)
   |  _____________________^
76 | |             .fetch_one(&state.pool).await.unwrap();
   | |_________________________________________^ cannot infer type

warning: unused variable: `e`
  --> src\handlers\billing.rs:55:41
   |
55 |         .fetch_one(pool).await.map_err(|e| ApiError::NotFound("Project not found".into()))?;
   |                                         ^ help: if this is intentional, prefix it with an underscore: `_e`
   |
   = note: `#[warn(unused_variables)]` (part of `#[warn(unused)]`) on by default

warning: unused variable: `secret`
  --> src\utils\jwt_tests.rs:70:13
   |
70 |         let secret = env::var("JWT_SECRET").unwrap();
   |             ^^^^^^ help: if this is intentional, prefix it with an underscore: `_secret`

Some errors have detailed explanations: E0282, E0425, E0599.
For more information about an error, try `rustc --explain E0282`.
warning: `backend` (bin "backend" test) generated 22 warnings
error: could not compile `backend` (bin "backend" test) due to 26 previous errors; 22 warnings emitted
