cargo : warning: unused import: `Cookie`
At line:1 char:1
+ cargo test password_reset_tests > test_errors.txt 2>&1
+ ~~~~~~~~~~~~~~~~~~~~~~~~~~~~~~~~~~~~~~~~~~~~~~~~~~~~~~
    + CategoryInfo          : NotSpecified: (warning: unused import: `Cookie`:String) [], RemoteException
    + FullyQualifiedErrorId : NativeCommandError
 
 --> src\handlers\auth\login.rs:2:35
  |
2 | use axum_extra::extract::cookie::{Cookie, CookieJar};
  |                                   ^^^^^^
  |
  = note: `#[warn(unused_imports)]` (part of `#[warn(unused)]`) on by default

warning: unused import: `Cookie`
 --> src\handlers\auth\registration.rs:2:35
  |
2 | use axum_extra::extract::cookie::{Cookie, CookieJar};
  |                                   ^^^^^^

warning: unused imports: `SecurityEvent` and `log_security_event`
 --> src\handlers\auth\registration.rs:4:74
  |
4 | use crate::utils::{error::ApiError, jwt::create_token, security_logger::{log_security_event, SecurityEvent}};
  |                                                                          ^^^^^^^^^^^^^^^^^^  ^^^^^^^^^^^^^

warning: unused import: `Cookie`
 --> src\handlers\auth\otp.rs:2:35
  |
2 | use axum_extra::extract::cookie::{Cookie, CookieJar};
  |                                   ^^^^^^

warning: unused import: `Cookie`
 --> src\handlers\auth\google.rs:1:35
  |
1 | use axum_extra::extract::cookie::{Cookie, CookieJar};
  |                                   ^^^^^^

warning: unused import: `Json`
 --> src\handlers\auth\google.rs:5:5
  |
5 |     Json,
  |     ^^^^

warning: unused import: `ax_extra::extract::cookie::CookieJar`
 --> src\handlers\auth\password_reset.rs:1:5
  |
1 | use ax_extra::extract::cookie::CookieJar;
  |     ^^^^^^^^^^^^^^^^^^^^^^^^^^^^^^^^^^^^

warning: unused imports: `IntoResponse` and `Response`
 --> src\handlers\auth\password_reset.rs:2:45
  |
2 | use axum::{extract::State, Json, response::{IntoResponse, Response}};
  |                                             ^^^^^^^^^^^^  ^^^^^^^^

warning: unused imports: `PgPool` and `Postgres`
 --> src\handlers\auth\password_reset.rs:3:12
  |
3 | use sqlx::{PgPool, Postgres};
  |            ^^^^^^  ^^^^^^^^

warning: unused import: `UserRole`
 --> src\handlers\auth\password_reset.rs:5:101
  |
5 | use crate::models::{auth::{ForgotPasswordRequest, ResetPasswordRequest, AuthResponse}, user::{User, UserRole}};
  |                                                                                                     ^^^^^^^^

warning: unused import: `rand::Rng`
  --> src\handlers\auth\password_reset.rs:10:5
   |
10 | use rand::Rng;
   |     ^^^^^^^^^

warning: unused import: `sqlx::PgPool`
 --> src\handlers\project.rs:2:5
  |
2 | use sqlx::PgPool;
  |     ^^^^^^^^^^^^

warning: unused imports: `Redirect` and `Response`
 --> src\handlers\billing.rs:3:30
  |
3 |     response::{IntoResponse, Redirect, Response},
  |                              ^^^^^^^^  ^^^^^^^^

warning: unused import: `sqlx::PgPool`
 --> src\handlers\billing.rs:7:5
  |
7 | use sqlx::PgPool;
  |     ^^^^^^^^^^^^

warning: unused import: `user::UserRole`
  --> src\handlers\billing.rs:13:84
   |
13 | use crate::models::{billing::{Subscription, AutoRenewRequest}, auth::AuthResponse, user::UserRole};
   |                                                                                    ^^^^^^^^^^^^^^

warning: unused imports: `CookieJar` and `Cookie`
  --> src\handlers\billing.rs:16:35
   |
16 | use axum_extra::extract::cookie::{Cookie, CookieJar};
   |                                   ^^^^^^  ^^^^^^^^^

warning: unused import: `bigdecimal::ToPrimitive`
 --> src\handlers\admin\stats.rs:5:5
  |
5 | use bigdecimal::ToPrimitive;
  |     ^^^^^^^^^^^^^^^^^^^^^^^

warning: unused import: `validator::Validate`
 --> src\handlers\admin\projects.rs:6:5
  |
6 | use validator::Validate;
  |     ^^^^^^^^^^^^^^^^^^^

warning: unused import: `crate::models::project::ProjectStatus`
 --> src\handlers\admin\clients.rs:4:5
  |
4 | use crate::models::project::ProjectStatus;
  |     ^^^^^^^^^^^^^^^^^^^^^^^^^^^^^^^^^^^^^

warning: unused import: `sqlx::PgPool`
 --> src\handlers\admin\auth.rs:2:5
  |
2 | use sqlx::PgPool;
  |     ^^^^^^^^^^^^

warning: unused imports: `Json` and `StatusCode`
 --> src\handlers\webhooks.rs:4:23
  |
4 |     http::{HeaderMap, StatusCode},
  |                       ^^^^^^^^^^
5 |     response::{IntoResponse},
6 |     Json,
  |     ^^^^

warning: unused imports: `PgPool`, `Postgres`, and `Transaction`
 --> src\handlers\request_handler.rs:6:12
  |
6 | use sqlx::{PgPool, Postgres, Transaction};
  |            ^^^^^^  ^^^^^^^^  ^^^^^^^^^^^

warning: unused import: `user::UserRole`
 --> src\handlers\request_handler.rs:8:106
  |
8 | use crate::models::{requests::{Request, RequestType, RequestStatus, CreateRequest, UpdateStatusRequest}, 
user::UserRole};
  |                                                                                                          
^^^^^^^^^^^^^^

warning: unused imports: `Path` and `Redirect`
 --> src\handlers\toyyibpay.rs:2:22
  |
2 |     extract::{State, Path, Query},
  |                      ^^^^
3 |     response::{IntoResponse, Redirect},
  |                              ^^^^^^^^

warning: unused import: `reqwest::header::CONTENT_TYPE`
  --> src\handlers\toyyibpay.rs:12:5
   |
12 | use reqwest::header::CONTENT_TYPE;
   |     ^^^^^^^^^^^^^^^^^^^^^^^^^^^^^

warning: unused imports: `Request` and `body::Body`
 --> src\utils\csrf.rs:2:5
  |
2 |     body::Body,
  |     ^^^^^^^^^^
3 |     http::{Request, StatusCode, Method},
  |            ^^^^^^^

warning: unused import: `serde_json::Value`
 --> src\utils\security_logger.rs:3:5
  |
3 | use serde_json::Value;
  |     ^^^^^^^^^^^^^^^^^

warning: use of deprecated method `redis::Client::get_async_connection`: aio::Connection is deprecated. Use 
client::get_multiplexed_async_connection instead.
  --> src\utils\rate_limit.rs:48:38
   |
48 |     let mut conn = match state.redis.get_async_connection().await {
   |                                      ^^^^^^^^^^^^^^^^^^^^
   |
   = note: `#[warn(deprecated)]` on by default

warning: unused import: `redis::AsyncCommands`
  --> src\handlers\tools.rs:10:5
   |
10 | use redis::AsyncCommands;
   |     ^^^^^^^^^^^^^^^^^^^^

warning: unused import: `redis::AsyncCommands`
 --> src\utils\rate_limit.rs:8:5
  |
8 | use redis::AsyncCommands;
  |     ^^^^^^^^^^^^^^^^^^^^

warning: unused variable: `ip`
  --> src\handlers\auth\registration.rs:17:5
   |
17 |     ip: Option<String>,
   |     ^^ help: if this is intentional, prefix it with an underscore: `_ip`
   |
   = note: `#[warn(unused_variables)]` (part of `#[warn(unused)]`) on by default

warning: unused variable: `ua`
  --> src\handlers\auth\registration.rs:18:5
   |
18 |     ua: Option<String>,
   |     ^^ help: if this is intentional, prefix it with an underscore: `_ua`

warning: unused variable: `e`
  --> src\handlers\billing.rs:55:41
   |
55 |         .fetch_one(pool).await.map_err(|e| ApiError::NotFound("Project not found".into()))?;
   |                                         ^ help: if this is intentional, prefix it with an underscore: `_e`

warning: fields `token`, `expires_at`, `is_used`, and `created_at` are never read
  --> src\handlers\auth\password_reset.rs:17:5
   |
14 | struct PasswordReset {
   |        ------------- fields in this struct
...
17 |     token: String,
   |     ^^^^^
18 |     expires_at: DateTime<Utc>,
   |     ^^^^^^^^^^
19 |     is_used: bool,
   |     ^^^^^^^
20 |     created_at: DateTime<Utc>,
   |     ^^^^^^^^^^
   |
   = note: `#[warn(dead_code)]` (part of `#[warn(unused)]`) on by default

warning: `backend` (lib) generated 34 warnings (run `cargo fix --lib -p backend` to apply 30 suggestions)
   Compiling backend v0.1.0 (C:\Users\mypc\Desktop\saas_house\backend)
warning: unused import: `uuid::Uuid`
 --> src\bin\audit_db.rs:3:5
  |
3 | use uuid::Uuid;
  |     ^^^^^^^^^^
  |
  = note: `#[warn(unused_imports)]` (part of `#[warn(unused)]`) on by default

warning: `backend` (bin "audit_db" test) generated 1 warning (run `cargo fix --bin "audit_db" -p backend --tests` to 
apply 1 suggestion)
warning: unused import: `bigdecimal::ToPrimitive`
 --> scratch\debug_stats.rs:2:5
  |
2 | use bigdecimal::ToPrimitive;
  |     ^^^^^^^^^^^^^^^^^^^^^^^
  |
  = note: `#[warn(unused_imports)]` (part of `#[warn(unused)]`) on by default

warning: `backend` (bin "debug_stats" test) generated 1 warning (run `cargo fix --bin "debug_stats" -p backend 
--tests` to apply 1 suggestion)
error: error returned from database: relation "password_resets" does not exist
  --> src\handlers\auth\password_reset_tests.rs:46:21
   |
46 |         let reset = sqlx::query!("SELECT * FROM password_resets WHERE user_id = (SELECT id FROM users WHERE email 
= $1)", email)
   |                     
^^^^^^^^^^^^^^^^^^^^^^^^^^^^^^^^^^^^^^^^^^^^^^^^^^^^^^^^^^^^^^^^^^^^^^^^^^^^^^^^^^^^^^^^^^^^^^^^^^^^^^^^^^^^
   |
   = note: this error originates in the macro `$crate::sqlx_macros::expand_query` which comes from the expansion of 
the macro `sqlx::query` (in Nightly builds, run with -Z macro-backtrace for more info)

error: error returned from database: relation "password_resets" does not exist
  --> src\handlers\auth\password_reset_tests.rs:71:9
   |
71 | /         sqlx::query!(
72 | |             "INSERT INTO password_resets (user_id, token, expires_at) VALUES ($1, $2, $3)",
73 | |             user_id, token, expires_at
74 | |         ).execute(&pool).await.unwrap();
   | |_________^
   |
   = note: this error originates in the macro `$crate::sqlx_macros::expand_query` which comes from the expansion of 
the macro `sqlx::query` (in Nightly builds, run with -Z macro-backtrace for more info)

error: error returned from database: relation "password_resets" does not exist
  --> src\handlers\auth\password_reset_tests.rs:91:21
   |
91 |         let reset = sqlx::query!("SELECT is_used FROM password_resets WHERE token = $1", token)
   |                     ^^^^^^^^^^^^^^^^^^^^^^^^^^^^^^^^^^^^^^^^^^^^^^^^^^^^^^^^^^^^^^^^^^^^^^^^^^^
   |
   = note: this error originates in the macro `$crate::sqlx_macros::expand_query` which comes from the expansion of 
the macro `sqlx::query` (in Nightly builds, run with -Z macro-backtrace for more info)

error: error returned from database: relation "password_resets" does not exist
   --> src\handlers\auth\password_reset_tests.rs:114:9
    |
114 | /         sqlx::query!(
115 | |             "INSERT INTO password_resets (user_id, token, expires_at) VALUES ($1, $2, $3)",
116 | |             user_id, token, expires_at
117 | |         ).execute(&pool).await.unwrap();
    | |_________^
    |
    = note: this error originates in the macro `$crate::sqlx_macros::expand_query` which comes from the expansion of 
the macro `sqlx::query` (in Nightly builds, run with -Z macro-backtrace for more info)

warning: unused import: `axum::Json`
 --> src\handlers\auth\registration_tests.rs:3:9
  |
3 |     use axum::Json;
  |         ^^^^^^^^^^

warning: unused import: `Project`
 --> src\handlers\ownership_tests.rs:6:34
  |
6 |     use crate::models::project::{Project, RequirementsPayload};
  |                                  ^^^^^^^

warning: unused import: `Json`
 --> src\handlers\admin_tests.rs:3:40
  |
3 |     use axum::{extract::{State, Path}, Json};
  |                                        ^^^^

warning: unused import: `crate::utils::error::ApiError`
 --> src\handlers\admin_tests.rs:7:9
  |
7 |     use crate::utils::error::ApiError;
  |         ^^^^^^^^^^^^^^^^^^^^^^^^^^^^^

warning: unused import: `Json`
 --> src\handlers\billing_tests.rs:3:41
  |
3 |     use axum::{extract::{State, Query}, Json, Extension};
  |                                         ^^^^

warning: unused import: `crate::handlers::project::update_project_requirements`
 --> src\handlers\blueprint_tests.rs:3:9
  |
3 |     use crate::handlers::project::update_project_requirements;
  |         ^^^^^^^^^^^^^^^^^^^^^^^^^^^^^^^^^^^^^^^^^^^^^^^^^^^^^

warning: unused imports: `ProjectStatus` and `RequirementsPayload`
 --> src\handlers\blueprint_tests.rs:4:34
  |
4 |     use crate::models::project::{RequirementsPayload, ProjectStatus};
  |                                  ^^^^^^^^^^^^^^^^^^^  ^^^^^^^^^^^^^

warning: unused import: `crate::utils::jwt::Claims`
 --> src\handlers\blueprint_tests.rs:6:9
  |
6 |     use crate::utils::jwt::Claims;
  |         ^^^^^^^^^^^^^^^^^^^^^^^^^

warning: unused imports: `Extension` and `Json`
 --> src\handlers\blueprint_tests.rs:8:16
  |
8 |     use axum::{Json, Extension};
  |                ^^^^  ^^^^^^^^^

warning: unused imports: `Path` and `State`
 --> src\handlers\blueprint_tests.rs:9:25
  |
9 |     use axum::extract::{State, Path};
  |                         ^^^^^  ^^^^

warning: unused imports: `Router`, `middleware`, and `routing::post`
 --> src\tests.rs:4:5
  |
4 |     middleware,
  |     ^^^^^^^^^^
5 |     routing::post,
  |     ^^^^^^^^^^^^^
6 |     Router,
  |     ^^^^^^

warning: unused import: `axum_extra::extract::cookie::Cookie`
 --> src\tests.rs:9:5
  |
9 | use axum_extra::extract::cookie::Cookie;
  |     ^^^^^^^^^^^^^^^^^^^^^^^^^^^^^^^^^^^

error[E0282]: type annotations needed
  --> src\handlers\auth\password_reset_tests.rs:46:21
   |
46 |           let reset = sqlx::query!("SELECT * FROM password_resets WHERE user_id = (SELECT id FROM users WHERE 
email = $1)", email)
   |  _____________________^
47 | |             .fetch_one(&pool).await.unwrap();
   | |___________________________________^ cannot infer type

error[E0282]: type annotations needed
  --> src\handlers\auth\password_reset_tests.rs:71:9
   |
71 | /         sqlx::query!(
72 | |             "INSERT INTO password_resets (user_id, token, expires_at) VALUES ($1, $2, $3)",
73 | |             user_id, token, expires_at
74 | |         ).execute(&pool).await.unwrap();
   | |______________________________^ cannot infer type

error[E0308]: mismatched types
  --> src\handlers\auth\password_reset_tests.rs:88:39
   |
88 |         assert!(user.password_hash != "old_hash");
   |                 ------------------    ^^^^^^^^^^ expected `Option<String>`, found `&str`
   |                 |
   |                 expected because this is `std::option::Option<std::string::String>`
   |
   = note:   expected enum `std::option::Option<std::string::String>`
           found reference `&'static str`

error[E0282]: type annotations needed
  --> src\handlers\auth\password_reset_tests.rs:91:21
   |
91 |           let reset = sqlx::query!("SELECT is_used FROM password_resets WHERE token = $1", token)
   |  _____________________^
92 | |             .fetch_one(&pool).await.unwrap();
   | |___________________________________^ cannot infer type

error[E0282]: type annotations needed
   --> src\handlers\auth\password_reset_tests.rs:114:9
    |
114 | /         sqlx::query!(
115 | |             "INSERT INTO password_resets (user_id, token, expires_at) VALUES ($1, $2, $3)",
116 | |             user_id, token, expires_at
117 | |         ).execute(&pool).await.unwrap();
    | |______________________________^ cannot infer type

warning: unused variable: `secret`
  --> src\utils\jwt_tests.rs:70:13
   |
70 |         let secret = env::var("JWT_SECRET").unwrap();
   |             ^^^^^^ help: if this is intentional, prefix it with an underscore: `_secret`

Some errors have detailed explanations: E0282, E0308.
For more information about an error, try `rustc --explain E0282`.
warning: `backend` (lib test) generated 46 warnings (33 duplicates)
error: could not compile `backend` (lib test) due to 9 previous errors; 46 warnings emitted
